MPLINK 5.08, LINKER
Linker Map File - Created Mon May 13 16:20:56 2024

                                 Section Info
                  Section       Type    Address   Location Size(Bytes)
                ---------  ---------  ---------  ---------  ---------
                 RES_VECT       code   0x000000    program   0x000002
                   .cinit    romdata   0x000001    program   0x000004
                      ISR       code   0x000004    program   0x0001d4
.config_2007_BUILD/DEFAULT/PRODUCTION/PROVA_2       code   0x002007    program   0x000002



                              Program Memory Usage 
                               Start         End      
                           ---------   ---------      
                            0x000000    0x000002      
                            0x000004    0x0000ed      
                            0x002007    0x002007      
            238 out of 8454 program addresses used, program memory utilization is 2%



                              Symbols - Sorted by Name
                     Name    Address   Location    Storage File                     
                ---------  ---------  ---------  --------- ---------                
            ACENDE_DEZENA   0x0000bd    program     static D:\projetos_pic\prova_2_Yuri_Duarte.X\prova_2_yuri_duarte.asm
            AJUSTA_CANAL0   0x000081    program     static D:\projetos_pic\prova_2_Yuri_Duarte.X\prova_2_yuri_duarte.asm
          ATIVA_CONVERSAO   0x000049    program     static D:\projetos_pic\prova_2_Yuri_Duarte.X\prova_2_yuri_duarte.asm
             BUSCA_CODIGO   0x000016    program     static D:\projetos_pic\prova_2_Yuri_Duarte.X\prova_2_yuri_duarte.asm
    CANCELA_RUIDO_DISPLAY   0x000093    program     static D:\projetos_pic\prova_2_Yuri_Duarte.X\prova_2_yuri_duarte.asm
     CANCELA_RUIDO_HEATER   0x000083    program     static D:\projetos_pic\prova_2_Yuri_Duarte.X\prova_2_yuri_duarte.asm
       CANCELA_RUIDO_HIST   0x0000a2    program     static D:\projetos_pic\prova_2_Yuri_Duarte.X\prova_2_yuri_duarte.asm
           EXTRAI_CENTENA   0x000065    program     static D:\projetos_pic\prova_2_Yuri_Duarte.X\prova_2_yuri_duarte.asm
            EXTRAI_DEZENA   0x000077    program     static D:\projetos_pic\prova_2_Yuri_Duarte.X\prova_2_yuri_duarte.asm
            EXTRAI_MILHAR   0x000053    program     static D:\projetos_pic\prova_2_Yuri_Duarte.X\prova_2_yuri_duarte.asm
                 HIST_ADD   0x0000a9    program     static D:\projetos_pic\prova_2_Yuri_Duarte.X\prova_2_yuri_duarte.asm
                 HIST_SUB   0x0000b3    program     static D:\projetos_pic\prova_2_Yuri_Duarte.X\prova_2_yuri_duarte.asm
                   INICIO   0x000021    program     static D:\projetos_pic\prova_2_Yuri_Duarte.X\prova_2_yuri_duarte.asm
           LACO_PRINCIPAL   0x000039    program     static D:\projetos_pic\prova_2_Yuri_Duarte.X\prova_2_yuri_duarte.asm
              MUDA_HEATER   0x000088    program     static D:\projetos_pic\prova_2_Yuri_Duarte.X\prova_2_yuri_duarte.asm
             RES_NEGATIVO   0x0000ec    program     static D:\projetos_pic\prova_2_Yuri_Duarte.X\prova_2_yuri_duarte.asm
          SAI_INTERRUPCAO   0x000012    program     static D:\projetos_pic\prova_2_Yuri_Duarte.X\prova_2_yuri_duarte.asm
              SUB_16_BITS   0x0000d9    program     static D:\projetos_pic\prova_2_Yuri_Duarte.X\prova_2_yuri_duarte.asm
            TESTA_CENTENA   0x0000cb    program     static D:\projetos_pic\prova_2_Yuri_Duarte.X\prova_2_yuri_duarte.asm
             TESTA_DEZENA   0x0000c3    program     static D:\projetos_pic\prova_2_Yuri_Duarte.X\prova_2_yuri_duarte.asm
                TESTA_FIM   0x00004a    program     static D:\projetos_pic\prova_2_Yuri_Duarte.X\prova_2_yuri_duarte.asm
             TESTA_MILHAR   0x0000d3    program     static D:\projetos_pic\prova_2_Yuri_Duarte.X\prova_2_yuri_duarte.asm
            TRATA_CENTENA   0x000064    program     static D:\projetos_pic\prova_2_Yuri_Duarte.X\prova_2_yuri_duarte.asm
             TRATA_DEZENA   0x000076    program     static D:\projetos_pic\prova_2_Yuri_Duarte.X\prova_2_yuri_duarte.asm
            TRATA_UNIDADE   0x00007e    program     static D:\projetos_pic\prova_2_Yuri_Duarte.X\prova_2_yuri_duarte.asm
              TROCA_CANAL   0x000098    program     static D:\projetos_pic\prova_2_Yuri_Duarte.X\prova_2_yuri_duarte.asm
            TROCA_DISPLAY   0x0000ba    program     static D:\projetos_pic\prova_2_Yuri_Duarte.X\prova_2_yuri_duarte.asm
                _ISR_004B   0x00004b    program     static D:\projetos_pic\prova_2_Yuri_Duarte.X\prova_2_yuri_duarte.asm



                              Symbols - Sorted by Address
                     Name    Address   Location    Storage File                     
                ---------  ---------  ---------  --------- ---------                
          SAI_INTERRUPCAO   0x000012    program     static D:\projetos_pic\prova_2_Yuri_Duarte.X\prova_2_yuri_duarte.asm
             BUSCA_CODIGO   0x000016    program     static D:\projetos_pic\prova_2_Yuri_Duarte.X\prova_2_yuri_duarte.asm
                   INICIO   0x000021    program     static D:\projetos_pic\prova_2_Yuri_Duarte.X\prova_2_yuri_duarte.asm
           LACO_PRINCIPAL   0x000039    program     static D:\projetos_pic\prova_2_Yuri_Duarte.X\prova_2_yuri_duarte.asm
          ATIVA_CONVERSAO   0x000049    program     static D:\projetos_pic\prova_2_Yuri_Duarte.X\prova_2_yuri_duarte.asm
                TESTA_FIM   0x00004a    program     static D:\projetos_pic\prova_2_Yuri_Duarte.X\prova_2_yuri_duarte.asm
                _ISR_004B   0x00004b    program     static D:\projetos_pic\prova_2_Yuri_Duarte.X\prova_2_yuri_duarte.asm
            EXTRAI_MILHAR   0x000053    program     static D:\projetos_pic\prova_2_Yuri_Duarte.X\prova_2_yuri_duarte.asm
            TRATA_CENTENA   0x000064    program     static D:\projetos_pic\prova_2_Yuri_Duarte.X\prova_2_yuri_duarte.asm
           EXTRAI_CENTENA   0x000065    program     static D:\projetos_pic\prova_2_Yuri_Duarte.X\prova_2_yuri_duarte.asm
             TRATA_DEZENA   0x000076    program     static D:\projetos_pic\prova_2_Yuri_Duarte.X\prova_2_yuri_duarte.asm
            EXTRAI_DEZENA   0x000077    program     static D:\projetos_pic\prova_2_Yuri_Duarte.X\prova_2_yuri_duarte.asm
            TRATA_UNIDADE   0x00007e    program     static D:\projetos_pic\prova_2_Yuri_Duarte.X\prova_2_yuri_duarte.asm
            AJUSTA_CANAL0   0x000081    program     static D:\projetos_pic\prova_2_Yuri_Duarte.X\prova_2_yuri_duarte.asm
     CANCELA_RUIDO_HEATER   0x000083    program     static D:\projetos_pic\prova_2_Yuri_Duarte.X\prova_2_yuri_duarte.asm
              MUDA_HEATER   0x000088    program     static D:\projetos_pic\prova_2_Yuri_Duarte.X\prova_2_yuri_duarte.asm
    CANCELA_RUIDO_DISPLAY   0x000093    program     static D:\projetos_pic\prova_2_Yuri_Duarte.X\prova_2_yuri_duarte.asm
              TROCA_CANAL   0x000098    program     static D:\projetos_pic\prova_2_Yuri_Duarte.X\prova_2_yuri_duarte.asm
       CANCELA_RUIDO_HIST   0x0000a2    program     static D:\projetos_pic\prova_2_Yuri_Duarte.X\prova_2_yuri_duarte.asm
                 HIST_ADD   0x0000a9    program     static D:\projetos_pic\prova_2_Yuri_Duarte.X\prova_2_yuri_duarte.asm
                 HIST_SUB   0x0000b3    program     static D:\projetos_pic\prova_2_Yuri_Duarte.X\prova_2_yuri_duarte.asm
            TROCA_DISPLAY   0x0000ba    program     static D:\projetos_pic\prova_2_Yuri_Duarte.X\prova_2_yuri_duarte.asm
            ACENDE_DEZENA   0x0000bd    program     static D:\projetos_pic\prova_2_Yuri_Duarte.X\prova_2_yuri_duarte.asm
             TESTA_DEZENA   0x0000c3    program     static D:\projetos_pic\prova_2_Yuri_Duarte.X\prova_2_yuri_duarte.asm
            TESTA_CENTENA   0x0000cb    program     static D:\projetos_pic\prova_2_Yuri_Duarte.X\prova_2_yuri_duarte.asm
             TESTA_MILHAR   0x0000d3    program     static D:\projetos_pic\prova_2_Yuri_Duarte.X\prova_2_yuri_duarte.asm
              SUB_16_BITS   0x0000d9    program     static D:\projetos_pic\prova_2_Yuri_Duarte.X\prova_2_yuri_duarte.asm
             RES_NEGATIVO   0x0000ec    program     static D:\projetos_pic\prova_2_Yuri_Duarte.X\prova_2_yuri_duarte.asm


